../Core/Src/main.c:70:6:seven_segment_display_decimal	16	static
../Core/Src/main.c:87:6:seven_segment_deactivate_digits	16	static
../Core/Src/main.c:94:6:seven_segment_activate_digit	16	static
../Core/Src/main.c:101:6:seven_segment_set_num	24	static
../Core/Src/main.c:110:6:seven_segment_refresh	8	static
../Core/Src/main.c:190:6:seven_refresh	8	static
../Core/Src/main.c:204:6:programInit	8	static
../Core/Src/main.c:210:6:programLoop	8	static
../Core/Src/main.c:255:6:PWM_Start	8	static
../Core/Src/main.c:259:6:PWM_Change_Tone	40	static
../Core/Src/main.c:303:6:TurnOnLed	8	static
../Core/Src/main.c:313:6:TurnOffLed	8	static
../Core/Src/main.c:324:6:printTime	24	static
../Core/Src/main.c:330:6:checkwarn	8	static
../Core/Src/main.c:360:6:HAL_GPIO_EXTI_Callback	24	static
../Core/Src/main.c:482:6:uart_rx_enable_it	8	static
../Core/Src/main.c:486:6:HAL_UART_RxCpltCallback	104	static
../Core/Src/main.c:651:6:HAL_TIM_PeriodElapsedCallback	24	static
../Core/Src/main.c:706:6:HAL_ADC_ConvCpltCallback	24	static
../Core/Src/main.c:754:5:main	8	static
../Core/Src/main.c:836:6:SystemClock_Config	128	static
../Core/Src/main.c:896:13:MX_ADC1_Init	48	static
../Core/Src/main.c:962:13:MX_ADC3_Init	48	static
../Core/Src/main.c:1028:13:MX_I2C1_Init	8	static
../Core/Src/main.c:1076:13:MX_RTC_Init	32	static
../Core/Src/main.c:1139:13:MX_SPI1_Init	8	static
../Core/Src/main.c:1179:13:MX_TIM1_Init	112	static
../Core/Src/main.c:1267:13:MX_TIM2_Init	40	static
../Core/Src/main.c:1312:13:MX_TIM3_Init	64	static
../Core/Src/main.c:1371:13:MX_TIM4_Init	64	static
../Core/Src/main.c:1430:13:MX_USART1_UART_Init	8	static
../Core/Src/main.c:1465:13:MX_USART2_UART_Init	8	static
../Core/Src/main.c:1500:13:MX_USB_PCD_Init	8	static
../Core/Src/main.c:1531:13:MX_GPIO_Init	56	static
../Core/Src/main.c:1606:6:Error_Handler	4	static,ignoring_inline_asm
